// Jest Snapshot v1, https://goo.gl/fbAQLP

exports[`Link renders 1`] = `
<span
  className="link"
  title="www.example.com"
>
  Test
</span>
`;
