// Vitest Snapshot v1, https://vitest.dev/guide/snapshot.html

exports[`blocks > #preserveBlockByText > works 1`] = `
{
  "blocks": [
    {
      "data": {},
      "depth": 0,
      "entityRanges": [],
      "inlineStyleRanges": [],
      "key": "a",
      "text": "test",
      "type": "unstyled",
    },
    {
      "data": {},
      "depth": 0,
      "entityRanges": [],
      "inlineStyleRanges": [],
      "key": "b",
      "text": "Bullet 0",
      "type": "unordered-list-item",
    },
    {
      "data": {},
      "depth": 0,
      "entityRanges": [],
      "inlineStyleRanges": [],
      "key": "c",
      "text": "Bullet 0",
      "type": "unordered-list-item",
    },
    {
      "data": {},
      "depth": 0,
      "entityRanges": [],
      "inlineStyleRanges": [],
      "key": "d",
      "text": "Bullet 0",
      "type": "unordered-list-item",
    },
    {
      "data": {},
      "depth": 0,
      "entityRanges": [],
      "inlineStyleRanges": [],
      "key": "e",
      "text": "Bullet 0",
      "type": "unordered-list-item",
    },
    {
      "data": {},
      "depth": 0,
      "entityRanges": [],
      "inlineStyleRanges": [],
      "key": "f",
      "text": "Bullet 0",
      "type": "unordered-list-item",
    },
    {
      "data": {},
      "depth": 0,
      "entityRanges": [],
      "inlineStyleRanges": [],
      "key": "g",
      "text": "Bullet 0",
      "type": "unordered-list-item",
    },
    {
      "data": {},
      "depth": 0,
      "entityRanges": [
        {
          "key": 0,
          "length": 1,
          "offset": 0,
        },
      ],
      "inlineStyleRanges": [],
      "key": "h",
      "text": "ðŸ“· ",
      "type": "unstyled",
    },
    {
      "data": {},
      "depth": 1,
      "entityRanges": [],
      "inlineStyleRanges": [],
      "key": "i",
      "text": "Bullet 1",
      "type": "unordered-list-item",
    },
    {
      "data": {},
      "depth": 1,
      "entityRanges": [],
      "inlineStyleRanges": [],
      "key": "j",
      "text": "Bullet 1",
      "type": "unordered-list-item",
    },
    {
      "data": {},
      "depth": 1,
      "entityRanges": [],
      "inlineStyleRanges": [],
      "key": "k",
      "text": "Bullet 1",
      "type": "unordered-list-item",
    },
    {
      "data": {},
      "depth": 2,
      "entityRanges": [],
      "inlineStyleRanges": [],
      "key": "l",
      "text": "Bullet 2",
      "type": "unordered-list-item",
    },
    {
      "data": {},
      "depth": 2,
      "entityRanges": [],
      "inlineStyleRanges": [],
      "key": "m",
      "text": "Bullet 2",
      "type": "unordered-list-item",
    },
    {
      "data": {},
      "depth": 2,
      "entityRanges": [],
      "inlineStyleRanges": [],
      "key": "n",
      "text": "Bullet 2",
      "type": "unordered-list-item",
    },
    {
      "data": {},
      "depth": 0,
      "entityRanges": [],
      "inlineStyleRanges": [],
      "key": "o",
      "text": "Numbered 0",
      "type": "ordered-list-item",
    },
    {
      "data": {},
      "depth": 0,
      "entityRanges": [],
      "inlineStyleRanges": [],
      "key": "p",
      "text": "Numbered 0",
      "type": "ordered-list-item",
    },
    {
      "data": {},
      "depth": 0,
      "entityRanges": [],
      "inlineStyleRanges": [],
      "key": "q",
      "text": "Numbered 0",
      "type": "ordered-list-item",
    },
    {
      "data": {},
      "depth": 0,
      "entityRanges": [],
      "inlineStyleRanges": [],
      "key": "r",
      "text": "Numbered 0",
      "type": "ordered-list-item",
    },
    {
      "data": {},
      "depth": 2,
      "entityRanges": [],
      "inlineStyleRanges": [],
      "key": "s",
      "text": "Numbered 2",
      "type": "ordered-list-item",
    },
    {
      "data": {},
      "depth": 2,
      "entityRanges": [],
      "inlineStyleRanges": [],
      "key": "t",
      "text": "Numbered 2",
      "type": "ordered-list-item",
    },
    {
      "data": {},
      "depth": 2,
      "entityRanges": [],
      "inlineStyleRanges": [],
      "key": "u",
      "text": "Numbered 2",
      "type": "ordered-list-item",
    },
    {
      "data": {},
      "depth": 2,
      "entityRanges": [],
      "inlineStyleRanges": [],
      "key": "v",
      "text": "Numbered 2",
      "type": "ordered-list-item",
    },
    {
      "data": {},
      "depth": 1,
      "entityRanges": [],
      "inlineStyleRanges": [],
      "key": "w",
      "text": "Numbered 1",
      "type": "ordered-list-item",
    },
    {
      "data": {},
      "depth": 1,
      "entityRanges": [],
      "inlineStyleRanges": [],
      "key": "x",
      "text": "Numbered 1",
      "type": "ordered-list-item",
    },
    {
      "data": {},
      "depth": 1,
      "entityRanges": [],
      "inlineStyleRanges": [],
      "key": "y",
      "text": "Numbered 1",
      "type": "ordered-list-item",
    },
    {
      "data": {},
      "depth": 1,
      "entityRanges": [],
      "inlineStyleRanges": [],
      "key": "z",
      "text": "Numbered 1",
      "type": "ordered-list-item",
    },
  ],
  "entityMap": {
    "0": {
      "data": {},
      "mutability": "IMMUTABLE",
      "type": "IMAGE",
    },
  },
}
`;
